2026-04-28T18:11:49.135730Z  INFO gatekeeper_rs: Gatekeeper-RS starting services=3
2026-04-28T18:11:49.143139Z  WARN gatekeeper_rs: Service DOWN — triggering auto-heal service=DB (TEST) cmd=echo '[TEST] would run: systemctl restart postgresql'
2026-04-28T18:11:49.143859Z  WARN gatekeeper_rs: Service DOWN — triggering auto-heal service=Auth (TEST) cmd=echo '[TEST] would run: systemctl restart auth-service'
2026-04-28T18:11:49.145085Z  INFO gatekeeper_rs: Initial check: UP service=Mock HTTP
2026-04-28T18:11:49.697109Z  INFO gatekeeper_rs::notifier: Discord notification delivered
2026-04-28T18:11:49.697255Z  INFO gatekeeper_rs: Discord DOWN alert sent service=Auth (TEST)
2026-04-28T18:11:49.697298Z  INFO gatekeeper_rs::healer: Executing heal command service="Auth (TEST)" cmd="echo '[TEST] would run: systemctl restart auth-service'"
2026-04-28T18:11:49.702984Z  INFO gatekeeper_rs::healer: Heal command exited successfully service="Auth (TEST)"
2026-04-28T18:11:49.870048Z  INFO gatekeeper_rs::notifier: Discord notification delivered
2026-04-28T18:11:49.870138Z  INFO gatekeeper_rs: Discord DOWN alert sent service=DB (TEST)
2026-04-28T18:11:49.870157Z  INFO gatekeeper_rs::healer: Executing heal command service="DB (TEST)" cmd="echo '[TEST] would run: systemctl restart postgresql'"
2026-04-28T18:11:49.873260Z  INFO gatekeeper_rs::healer: Heal command exited successfully service="DB (TEST)"
2026-04-28T18:12:29.144637Z  WARN gatekeeper_rs: Service DOWN — triggering auto-heal service=Mock HTTP cmd=echo '[TEST] would run: systemctl restart nginx'
2026-04-28T18:12:29.719784Z  INFO gatekeeper_rs::notifier: Discord notification delivered
2026-04-28T18:12:29.719997Z  INFO gatekeeper_rs: Discord DOWN alert sent service=Mock HTTP
2026-04-28T18:12:29.720049Z  INFO gatekeeper_rs::healer: Executing heal command service="Mock HTTP" cmd="echo '[TEST] would run: systemctl restart nginx'"
2026-04-28T18:12:29.727055Z  INFO gatekeeper_rs::healer: Heal command exited successfully service="Mock HTTP"
2026-04-28T18:14:58.677213Z  INFO gatekeeper_rs: User requested shutdown
2026-04-28T18:14:58.677280Z  INFO gatekeeper_rs: Sending offline notification to Discord
2026-04-28T18:14:59.169117Z  INFO gatekeeper_rs::notifier: Discord notification delivered
2026-04-28T18:14:59.169427Z  INFO gatekeeper_rs: Gatekeeper-RS shutdown complete
2026-04-28T18:23:41.871017Z  INFO gatekeeper_rs: Gatekeeper-RS starting services=3
2026-04-28T18:23:41.877983Z  WARN gatekeeper_rs: Service DOWN — triggering auto-heal service=DB (TEST) cmd=echo '[TEST] would run: systemctl restart postgresql'
2026-04-28T18:23:41.878707Z  WARN gatekeeper_rs: Service DOWN — triggering auto-heal service=Mock HTTP cmd=echo '[TEST] would run: systemctl restart nginx'
2026-04-28T18:23:41.878963Z  WARN gatekeeper_rs: Service DOWN — triggering auto-heal service=Auth (TEST) cmd=echo '[TEST] would run: systemctl restart auth-service'
2026-04-28T18:23:42.284092Z  INFO gatekeeper_rs::notifier: Discord notification delivered
2026-04-28T18:23:42.284224Z  INFO gatekeeper_rs: Discord DOWN alert sent service=Mock HTTP
2026-04-28T18:23:42.284255Z  INFO gatekeeper_rs::healer: Executing heal command service="Mock HTTP" cmd="echo '[TEST] would run: systemctl restart nginx'"
2026-04-28T18:23:42.290017Z  INFO gatekeeper_rs::healer: Heal command exited successfully service="Mock HTTP"
2026-04-28T18:23:42.307302Z  INFO gatekeeper_rs::notifier: Discord notification delivered
2026-04-28T18:23:42.307397Z  INFO gatekeeper_rs: Discord DOWN alert sent service=DB (TEST)
2026-04-28T18:23:42.307419Z  INFO gatekeeper_rs::healer: Executing heal command service="DB (TEST)" cmd="echo '[TEST] would run: systemctl restart postgresql'"
2026-04-28T18:23:42.311127Z  INFO gatekeeper_rs::healer: Heal command exited successfully service="DB (TEST)"
2026-04-28T18:23:42.376044Z  INFO gatekeeper_rs::notifier: Discord notification delivered
2026-04-28T18:23:42.376194Z  INFO gatekeeper_rs: Discord DOWN alert sent service=Auth (TEST)
2026-04-28T18:23:42.376230Z  INFO gatekeeper_rs::healer: Executing heal command service="Auth (TEST)" cmd="echo '[TEST] would run: systemctl restart auth-service'"
2026-04-28T18:23:42.380275Z  INFO gatekeeper_rs::healer: Heal command exited successfully service="Auth (TEST)"
2026-04-28T18:23:47.843861Z  INFO gatekeeper_rs: Maintenance mode ENABLED — heals and Discord alerts suppressed
2026-04-28T18:23:57.880164Z  INFO gatekeeper_rs: Service RECOVERED service=Mock HTTP
2026-04-28T18:23:57.880203Z  INFO gatekeeper_rs: [MAINT] RECOVERED observed — alert suppressed service=Mock HTTP
2026-04-28T18:24:53.878842Z  WARN gatekeeper_rs: Service DOWN — triggering auto-heal service=Mock HTTP cmd=echo '[TEST] would run: systemctl restart nginx'
2026-04-28T18:24:53.878948Z  INFO gatekeeper_rs: [MAINT] DOWN observed — alert + heal suppressed service=Mock HTTP
2026-04-28T18:25:12.867045Z  INFO gatekeeper_rs: Maintenance mode DISABLED — normal alerting and auto-heal resumed
2026-04-28T18:25:15.702473Z  INFO gatekeeper_rs: Maintenance mode ENABLED — heals and Discord alerts suppressed
2026-04-28T18:25:16.900153Z  INFO gatekeeper_rs: Maintenance mode DISABLED — normal alerting and auto-heal resumed
2026-04-28T18:25:24.423674Z  INFO gatekeeper_rs: Config hot-reloaded by user
2026-04-28T18:25:47.108675Z  INFO gatekeeper_rs: Maintenance mode ENABLED — heals and Discord alerts suppressed
2026-04-28T18:25:57.881203Z  INFO gatekeeper_rs: Service RECOVERED service=Mock HTTP
2026-04-28T18:25:57.881251Z  INFO gatekeeper_rs: [MAINT] RECOVERED observed — alert suppressed service=Mock HTTP
2026-04-28T18:26:09.780588Z  INFO gatekeeper_rs: Maintenance mode DISABLED — normal alerting and auto-heal resumed
2026-04-28T18:26:16.980348Z  INFO gatekeeper_rs: Config hot-reloaded by user
2026-04-28T18:26:29.878765Z  WARN gatekeeper_rs: Service DOWN — triggering auto-heal service=Mock HTTP cmd=echo '[TEST] would run: systemctl restart nginx'
2026-04-28T18:26:30.744337Z  INFO gatekeeper_rs::notifier: Discord notification delivered
2026-04-28T18:26:30.744479Z  INFO gatekeeper_rs: Discord DOWN alert sent service=Mock HTTP
2026-04-28T18:26:30.744509Z  INFO gatekeeper_rs::healer: Executing heal command service="Mock HTTP" cmd="echo '[TEST] would run: systemctl restart nginx'"
2026-04-28T18:26:30.748372Z  INFO gatekeeper_rs::healer: Heal command exited successfully service="Mock HTTP"
2026-04-28T18:46:57.450121Z  INFO gatekeeper_rs: Gatekeeper-RS starting services=3
2026-04-28T18:46:57.458359Z  WARN gatekeeper_rs: Service DOWN — triggering auto-heal service=DB (TEST) cmd=echo '[TEST] would run: systemctl restart postgresql'
2026-04-28T18:46:57.458864Z  WARN gatekeeper_rs: Service DOWN — triggering auto-heal service=Mock HTTP cmd=echo '[TEST] would run: systemctl restart nginx'
2026-04-28T18:46:57.459082Z  WARN gatekeeper_rs: Service DOWN — triggering auto-heal service=Auth (TEST) cmd=echo '[TEST] would run: systemctl restart auth-service'
2026-04-28T18:46:57.845379Z  INFO gatekeeper_rs::notifier: Discord notification delivered
2026-04-28T18:46:57.845550Z  INFO gatekeeper_rs: Discord DOWN alert sent service=DB (TEST)
2026-04-28T18:46:57.845595Z  INFO gatekeeper_rs::healer: Executing heal command service="DB (TEST)" cmd="echo '[TEST] would run: systemctl restart postgresql'"
2026-04-28T18:46:57.850228Z  INFO gatekeeper_rs::healer: Heal command exited successfully service="DB (TEST)"
2026-04-28T18:46:57.879053Z  INFO gatekeeper_rs::notifier: Discord notification delivered
2026-04-28T18:46:57.879226Z  INFO gatekeeper_rs: Discord DOWN alert sent service=Mock HTTP
2026-04-28T18:46:57.879263Z  INFO gatekeeper_rs::healer: Executing heal command service="Mock HTTP" cmd="echo '[TEST] would run: systemctl restart nginx'"
2026-04-28T18:46:57.883414Z  INFO gatekeeper_rs::healer: Heal command exited successfully service="Mock HTTP"
2026-04-28T18:46:57.925028Z  INFO gatekeeper_rs::notifier: Discord notification delivered
2026-04-28T18:46:57.925142Z  INFO gatekeeper_rs: Discord DOWN alert sent service=Auth (TEST)
2026-04-28T18:46:57.925170Z  INFO gatekeeper_rs::healer: Executing heal command service="Auth (TEST)" cmd="echo '[TEST] would run: systemctl restart auth-service'"
2026-04-28T18:46:57.928935Z  INFO gatekeeper_rs::healer: Heal command exited successfully service="Auth (TEST)"
2026-04-28T18:54:47.239118Z  INFO gatekeeper_rs: User requested shutdown
2026-04-28T18:54:47.239256Z  INFO gatekeeper_rs: Sending offline notification to Discord
2026-04-28T18:54:47.768866Z  INFO gatekeeper_rs::notifier: Discord notification delivered
2026-04-28T18:54:47.769513Z  INFO gatekeeper_rs: Gatekeeper-RS shutdown complete
